c:\st\stm32cubeide_1.12.1\stm32cubeide\plugins\com.st.stm32cube.ide.mcu.externaltools.gnu-tools-for-stm32.10.3-2021.10.win32_1.0.200.202301161003\tools\bin\../lib/gcc/arm-none-eabi/10.3.1/../../../../arm-none-eabi/include/c++/10.3.1/arm-none-eabi/thumb/v7e-m+fp/hard/bits/gthr-default.h:229:1:int __gthread_key_delete(__gthread_key_t)	16	static
../Core/Inc/RTClib/RTClib.h:22:10:uint8_t DateTime::second() const	16	static
../Core/Inc/RTClib/RTClib.h:28:10:uint8_t DateTime::minute() const	16	static
../Core/Inc/RTClib/RTClib.h:34:10:uint8_t DateTime::hour() const	16	static
../Core/Inc/RTClib/RTClib.h:42:10:uint8_t DateTime::day() const	16	static
../Core/Inc/RTClib/RTClib.h:48:10:uint8_t DateTime::month() const	16	static
../Core/Inc/RTClib/RTClib.h:54:11:uint16_t DateTime::year() const	16	static
../Core/Inc/GeographicLib/DMS.hpp:384:17:static void GeographicLib::DMS::Encode(GeographicLib::DMS::real, GeographicLib::DMS::real&, GeographicLib::DMS::real&, GeographicLib::DMS::real&)	32	static
../Core/Src/main.cpp:283:6:void HAL_UART_RxCpltCallback(UART_HandleTypeDef*)	24	static
../Core/Src/main.cpp:301:6:void HAL_UART_TxCpltCallback(UART_HandleTypeDef*)	16	static
../Core/Src/main.cpp:309:6:void eeprom_write_byte(uint16_t, uint8_t)	40	static
../Core/Src/main.cpp:316:6:void eeprom_write_bytes(uint16_t, uint8_t*, uint8_t)	24	static
../Core/Src/main.cpp:324:6:void eeprom_read_bytes(uint16_t, uint8_t)	40	static
../Core/Src/main.cpp:330:6:void rtc_read_reg_bytes(uint8_t, uint8_t)	40	static
../Core/Src/main.cpp:335:6:void rtc_read_buf(uint8_t*, uint8_t)	40	static
../Core/Src/main.cpp:340:9:uint8_t rtc_read_reg(uint8_t)	40	static
../Core/Src/main.cpp:346:6:void rtc_write_reg(uint8_t, uint8_t)	32	static
../Core/Src/main.cpp:354:6:void rtc_write_reg_bytes(uint8_t*, uint8_t)	64	dynamic
../Core/Src/main.cpp:365:6:bool lostPower()	8	static
../Core/Src/main.cpp:374:9:uint8_t bin2bcd(uint8_t)	16	static
../Core/Src/main.cpp:385:16:uint8_t dowToDS3231(uint8_t)	16	static
../Core/Src/main.cpp:393:6:void adjust(const DateTime&)	32	static
../Core/Src/main.cpp:420:16:uint8_t bcd2bin(uint8_t)	16	static
../Core/Src/main.cpp:428:10:DateTime now()	72	static
../Core/Src/main.cpp:448:6:void bno055_write_datum(uint8_t, uint8_t)	32	static
../Core/Src/main.cpp:456:6:void bno055_read_data(uint8_t, uint8_t)	40	static
../Core/Src/main.cpp:472:6:void bno055_config()	8	static
../Core/Src/main.cpp:478:6:void bno055_read_calibrate_status()	16	static
../Core/Src/main.cpp:501:6:void bno055_print_calibrate_status()	8	static
../Core/Src/main.cpp:518:6:void print_EUL_data(uint8_t)	32	static
../Core/Src/main.cpp:546:6:void init_buf123()	16	static
../Core/Src/main.cpp:565:6:void I2Csendcmd(uint8_t, uint8_t)	32	static
../Core/Src/main.cpp:583:6:void I2Csenddatum(uint8_t, uint8_t)	32	static
../Core/Src/main.cpp:591:6:void I2Cread(uint8_t)	32	static
../Core/Src/main.cpp:597:6:void screen_init()	8	static
../Core/Src/main.cpp:614:6:void screen_write_string(char*)	24	static
../Core/Src/main.cpp:642:6:void screen_write_xyz(float, float, float)	96	static
../Core/Src/main.cpp:667:6:void screen_write_accel_data(float, float, float)	24	static
../Core/Src/main.cpp:726:5:int main()	280	static
../Core/Src/main.cpp:1149:6:void SystemClock_Config()	96	static
../Core/Src/main.cpp:1199:13:void MX_I2C1_Init()	8	static
../Core/Src/main.cpp:1247:13:void MX_USART1_UART_Init()	8	static
../Core/Src/main.cpp:1282:13:void MX_USART2_UART_Init()	8	static
../Core/Src/main.cpp:1317:13:void MX_GPIO_Init()	48	static
../Core/Src/main.cpp:1365:6:void Error_Handler()	4	static,ignoring_inline_asm
../Core/Src/main.cpp:1374:1:void __static_initialization_and_destruction_0(int, int)	16	static
../Core/Src/main.cpp:1374:1:cpp)	8	static
../Core/Src/main.cpp:1374:1:cpp)	8	static
