../Core/Src/main.c:122:6:I2Csendcmd	32	static
../Core/Src/main.c:148:6:I2Csenddatum	32	static
../Core/Src/main.c:180:6:I2Cread	32	static
../Core/Src/main.c:186:6:screen_init	8	static
../Core/Src/main.c:240:6:screen_write_string	24	static
../Core/Src/main.c:268:6:screen_write_xyz	96	static
../Core/Src/main.c:293:6:screen_write_accel_data	24	static
../Core/Src/main.c:310:5:main	112	dynamic
../Core/Src/main.c:382:6:SystemClock_Config	96	static
../Core/Src/main.c:432:13:MX_I2C1_Init	8	static
../Core/Src/main.c:480:13:MX_USART2_UART_Init	8	static
../Core/Src/main.c:515:13:MX_GPIO_Init	48	static
../Core/Src/main.c:555:6:Error_Handler	4	static,ignoring_inline_asm
