../Core/Src/elliptic_motion.c:34:15:sgn	16	static
../Core/Src/elliptic_motion.c:53:8:ln_solve_kepler	72	static
../Core/Src/elliptic_motion.c:96:8:ln_get_ell_mean_anomaly	24	static
../Core/Src/elliptic_motion.c:109:8:ln_get_ell_true_anomaly	40	static
../Core/Src/elliptic_motion.c:129:8:ln_get_ell_radius_vector	32	static
../Core/Src/elliptic_motion.c:142:8:ln_get_ell_smajor_diam	24	static
../Core/Src/elliptic_motion.c:154:8:ln_get_ell_sminor_diam	24	static
../Core/Src/elliptic_motion.c:165:8:ln_get_ell_mean_motion	24	static
../Core/Src/elliptic_motion.c:179:6:ln_get_ell_helio_rect_posn	216	static
../Core/Src/elliptic_motion.c:243:6:ln_get_ell_geo_rect_posn	96	static
../Core/Src/elliptic_motion.c:269:6:ln_get_ell_body_equ_coords	120	static
../Core/Src/elliptic_motion.c:308:8:ln_get_ell_orbit_len	56	static
../Core/Src/elliptic_motion.c:329:8:ln_get_ell_orbit_vel	48	static
../Core/Src/elliptic_motion.c:346:8:ln_get_ell_orbit_pvel	32	static
../Core/Src/elliptic_motion.c:361:8:ln_get_ell_orbit_avel	32	static
../Core/Src/elliptic_motion.c:378:8:ln_get_ell_body_solar_dist	72	static
../Core/Src/elliptic_motion.c:401:8:ln_get_ell_body_earth_dist	72	static
../Core/Src/elliptic_motion.c:423:8:ln_get_ell_body_phase_angle	88	static
../Core/Src/elliptic_motion.c:456:8:ln_get_ell_body_elong	88	static
../Core/Src/elliptic_motion.c:498:5:ln_get_ell_body_rst	32	static
../Core/Src/elliptic_motion.c:517:5:ln_get_ell_body_rst_horizon	40	static
../Core/Src/elliptic_motion.c:537:5:ln_get_ell_body_next_rst	32	static
../Core/Src/elliptic_motion.c:558:5:ln_get_ell_body_next_rst_horizon	40	static
../Core/Src/elliptic_motion.c:580:5:ln_get_ell_body_next_rst_horizon_future	48	static
../Core/Src/elliptic_motion.c:592:8:ln_get_ell_last_perihelion	32	static
