../Core/Src/libnova_c/hyperbolic_motion.c:45:8:ln_solve_hyp_barker	176	static
../Core/Src/libnova_c/hyperbolic_motion.c:98:8:ln_get_hyp_true_anomaly	72	static
../Core/Src/libnova_c/hyperbolic_motion.c:122:8:ln_get_hyp_radius_vector	40	static
../Core/Src/libnova_c/hyperbolic_motion.c:135:6:ln_get_hyp_helio_rect_posn	200	static
../Core/Src/libnova_c/hyperbolic_motion.c:193:6:ln_get_hyp_geo_rect_posn	96	static
../Core/Src/libnova_c/hyperbolic_motion.c:219:6:ln_get_hyp_body_equ_coords	120	static
../Core/Src/libnova_c/hyperbolic_motion.c:254:8:ln_get_hyp_body_earth_dist	72	static
../Core/Src/libnova_c/hyperbolic_motion.c:276:8:ln_get_hyp_body_solar_dist	72	static
../Core/Src/libnova_c/hyperbolic_motion.c:297:8:ln_get_hyp_body_phase_angle	72	static
../Core/Src/libnova_c/hyperbolic_motion.c:324:8:ln_get_hyp_body_elong	72	static
../Core/Src/libnova_c/hyperbolic_motion.c:357:5:ln_get_hyp_body_rst	32	static
../Core/Src/libnova_c/hyperbolic_motion.c:376:5:ln_get_hyp_body_rst_horizon	40	static
../Core/Src/libnova_c/hyperbolic_motion.c:396:5:ln_get_hyp_body_next_rst	32	static
../Core/Src/libnova_c/hyperbolic_motion.c:417:5:ln_get_hyp_body_next_rst_horizon	40	static
../Core/Src/libnova_c/hyperbolic_motion.c:439:5:ln_get_hyp_body_next_rst_horizon_future	48	static
