../Core/Src/libnova_c/lunar.c:38260:15:sum_series_elp1	88	static
../Core/Src/libnova_c/lunar.c:38291:15:sum_series_elp2	88	static
../Core/Src/libnova_c/lunar.c:38321:15:sum_series_elp3	88	static
../Core/Src/libnova_c/lunar.c:38353:15:sum_series_elp4	72	static
../Core/Src/libnova_c/lunar.c:38377:15:sum_series_elp5	72	static
../Core/Src/libnova_c/lunar.c:38402:15:sum_series_elp6	72	static
../Core/Src/libnova_c/lunar.c:38426:15:sum_series_elp7	72	static
../Core/Src/libnova_c/lunar.c:38451:15:sum_series_elp8	72	static
../Core/Src/libnova_c/lunar.c:38476:15:sum_series_elp9	72	static
../Core/Src/libnova_c/lunar.c:38501:15:sum_series_elp10	72	static
../Core/Src/libnova_c/lunar.c:38527:15:sum_series_elp11	72	static
../Core/Src/libnova_c/lunar.c:38553:15:sum_series_elp12	72	static
../Core/Src/libnova_c/lunar.c:38579:15:sum_series_elp13	80	static
../Core/Src/libnova_c/lunar.c:38606:15:sum_series_elp14	80	static
../Core/Src/libnova_c/lunar.c:38634:15:sum_series_elp15	80	static
../Core/Src/libnova_c/lunar.c:38661:15:sum_series_elp16	72	static
../Core/Src/libnova_c/lunar.c:38685:15:sum_series_elp17	72	static
../Core/Src/libnova_c/lunar.c:38709:15:sum_series_elp18	72	static
../Core/Src/libnova_c/lunar.c:38733:15:sum_series_elp19	72	static
../Core/Src/libnova_c/lunar.c:38758:15:sum_series_elp20	72	static
../Core/Src/libnova_c/lunar.c:38783:15:sum_series_elp21	72	static
../Core/Src/libnova_c/lunar.c:38809:15:sum_series_elp22	72	static
../Core/Src/libnova_c/lunar.c:38833:15:sum_series_elp23	72	static
../Core/Src/libnova_c/lunar.c:38857:15:sum_series_elp24	72	static
../Core/Src/libnova_c/lunar.c:38881:15:sum_series_elp25	72	static
../Core/Src/libnova_c/lunar.c:38906:15:sum_series_elp26	72	static
../Core/Src/libnova_c/lunar.c:38931:15:sum_series_elp27	72	static
../Core/Src/libnova_c/lunar.c:38956:15:sum_series_elp28	72	static
../Core/Src/libnova_c/lunar.c:38980:15:sum_series_elp29	72	static
../Core/Src/libnova_c/lunar.c:39005:15:sum_series_elp30	72	static
../Core/Src/libnova_c/lunar.c:39030:15:sum_series_elp31	72	static
../Core/Src/libnova_c/lunar.c:39054:15:sum_series_elp32	72	static
../Core/Src/libnova_c/lunar.c:39078:15:sum_series_elp33	72	static
../Core/Src/libnova_c/lunar.c:39102:15:sum_series_elp34	72	static
../Core/Src/libnova_c/lunar.c:39126:15:sum_series_elp35	72	static
../Core/Src/libnova_c/lunar.c:39151:15:sum_series_elp36	72	static
../Core/Src/libnova_c/lunar.c:39191:6:ln_get_lunar_geo_posn	472	static
../Core/Src/libnova_c/lunar.c:39311:6:ln_get_lunar_equ_coords_prec	48	static
../Core/Src/libnova_c/lunar.c:39327:6:ln_get_lunar_equ_coords	24	static
../Core/Src/libnova_c/lunar.c:39342:6:ln_get_lunar_ecl_coords	72	static
../Core/Src/libnova_c/lunar.c:39364:8:ln_get_lunar_earth_dist	48	static
../Core/Src/libnova_c/lunar.c:39380:8:ln_get_lunar_phase	96	static
../Core/Src/libnova_c/lunar.c:39410:8:ln_get_lunar_disk	24	static
../Core/Src/libnova_c/lunar.c:39431:8:ln_get_lunar_bright_limb	88	static
../Core/Src/libnova_c/lunar.c:39467:5:ln_get_lunar_rst	24	static
../Core/Src/libnova_c/lunar.c:39480:8:ln_get_lunar_sdiam	32	static
../Core/Src/libnova_c/lunar.c:39496:8:ln_get_lunar_long_asc_node	64	static
../Core/Src/libnova_c/lunar.c:39517:8:ln_get_lunar_long_perigee	64	static
