../Core/Inc/MadgwickAHRS.h:42:10:void Madgwick::begin(float)	16	static
../Core/Inc/MadgwickAHRS.h:48:11:float Madgwick::getRoll()	16	static
../Core/Inc/MadgwickAHRS.h:52:11:float Madgwick::getPitch()	16	static
../Core/Inc/MadgwickAHRS.h:56:11:float Madgwick::getYaw()	16	static
../Core/Inc/MadgwickAHRS.h:60:11:float Madgwick::getRollRadians()	16	static
../Core/Inc/MadgwickAHRS.h:64:11:float Madgwick::getPitchRadians()	16	static
../Core/Inc/MadgwickAHRS.h:68:11:float Madgwick::getYawRadians()	16	static
../Core/Src/main.cpp:74:5:int main()	200	static
../Core/Src/main.cpp:182:6:void SystemClock_Config()	96	static
../Core/Src/main.cpp:232:13:void MX_USART2_UART_Init()	8	static
../Core/Src/main.cpp:267:13:void MX_GPIO_Init()	48	static
../Core/Src/main.cpp:307:6:void Error_Handler()	4	static,ignoring_inline_asm
