c:\st\stm32cubeide_1.12.1\stm32cubeide\plugins\com.st.stm32cube.ide.mcu.externaltools.gnu-tools-for-stm32.10.3-2021.10.win32_1.0.200.202301161003\tools\bin\../lib/gcc/arm-none-eabi/10.3.1/../../../../arm-none-eabi/include/c++/10.3.1/arm-none-eabi/thumb/v7e-m+fp/hard/bits/gthr-default.h:229:1:int __gthread_key_delete(__gthread_key_t)	16	static
../Core/Inc/GeographicLib/DMS.hpp:384:17:static void GeographicLib::DMS::Encode(GeographicLib::DMS::real, GeographicLib::DMS::real&, GeographicLib::DMS::real&, GeographicLib::DMS::real&)	32	static
../Core/Src/main.cpp:117:5:int main()	184	static
../Core/Src/main.cpp:321:6:void SystemClock_Config()	96	static
../Core/Src/main.cpp:371:13:void MX_USART1_UART_Init()	8	static
../Core/Src/main.cpp:406:13:void MX_USART2_UART_Init()	8	static
../Core/Src/main.cpp:441:13:void MX_GPIO_Init()	48	static
../Core/Src/main.cpp:481:6:void Error_Handler()	4	static,ignoring_inline_asm
