../Core/Src/libnova_c/utility.c:77:14:ln_get_version	4	static
../Core/Src/libnova_c/utility.c:84:8:ln_rad_to_deg	16	static
../Core/Src/libnova_c/utility.c:90:8:ln_deg_to_rad	16	static
../Core/Src/libnova_c/utility.c:96:8:ln_hms_to_deg	24	static
../Core/Src/libnova_c/utility.c:108:8:ln_hms_to_rad	24	static
../Core/Src/libnova_c/utility.c:121:6:ln_deg_to_hms	32	static
../Core/Src/libnova_c/utility.c:150:6:ln_rad_to_hms	32	static
../Core/Src/libnova_c/utility.c:162:8:ln_dms_to_deg	40	static
../Core/Src/libnova_c/utility.c:178:8:ln_dms_to_rad	40	static
../Core/Src/libnova_c/utility.c:194:6:ln_deg_to_dms	40	static
../Core/Src/libnova_c/utility.c:225:6:ln_rad_to_dms	32	static
../Core/Src/libnova_c/utility.c:234:8:ln_range_degrees	24	static
../Core/Src/libnova_c/utility.c:249:8:ln_range_radians	24	static
../Core/Src/libnova_c/utility.c:266:8:ln_range_radians2	24	static
../Core/Src/libnova_c/utility.c:280:6:ln_add_secs_hms	40	static
../Core/Src/libnova_c/utility.c:297:6:ln_add_hms	16	static
../Core/Src/libnova_c/utility.c:332:6:ln_hequ_to_equ	16	static
../Core/Src/libnova_c/utility.c:342:6:ln_equ_to_hequ	16	static
../Core/Src/libnova_c/utility.c:352:6:ln_hhrz_to_hrz	16	static
../Core/Src/libnova_c/utility.c:362:6:ln_hrz_to_hhrz	16	static
../Core/Src/libnova_c/utility.c:372:14:ln_hrz_to_nswe	88	static
../Core/Src/libnova_c/utility.c:383:6:ln_hlnlat_to_lnlat	16	static
../Core/Src/libnova_c/utility.c:393:6:ln_lnlat_to_hlnlat	16	static
../Core/Src/libnova_c/utility.c:407:8:ln_get_rect_distance	40	static
../Core/Src/libnova_c/utility.c:429:8:ln_get_light_time	16	static
../Core/Src/libnova_c/utility.c:449:14:trim	24	static
../Core/Src/libnova_c/utility.c:470:13:skipwhite	16	static
../Core/Src/libnova_c/utility.c:510:8:ln_get_dec_location	120	dynamic
../Core/Src/libnova_c/utility.c:593:14:ln_get_humanr_location	56	static
../Core/Src/libnova_c/utility.c:618:8:ln_interpolate3	88	static
../Core/Src/libnova_c/utility.c:646:8:ln_interpolate5	176	static
