../Core/Src/main.c:131:6:bno055_write_datum	32	static
../Core/Src/main.c:139:6:bno055_read_data	40	static
../Core/Src/main.c:155:6:bno055_config	8	static
../Core/Src/main.c:161:6:bno055_read_calibrate_status	16	static
../Core/Src/main.c:183:6:bno055_print_calibrate_status	16	static
../Core/Src/main.c:200:6:print_EUL_data	32	static
../Core/Src/main.c:235:5:main	8	static
../Core/Src/main.c:299:6:SystemClock_Config	96	static
../Core/Src/main.c:349:13:MX_I2C1_Init	8	static
../Core/Src/main.c:397:13:MX_USART2_UART_Init	8	static
../Core/Src/main.c:432:13:MX_GPIO_Init	48	static
../Core/Src/main.c:472:6:Error_Handler	4	static,ignoring_inline_asm
