c:\st\stm32cubeide_1.12.1\stm32cubeide\plugins\com.st.stm32cube.ide.mcu.externaltools.gnu-tools-for-stm32.10.3-2021.10.win32_1.0.200.202301161003\tools\bin\../lib/gcc/arm-none-eabi/10.3.1/../../../../arm-none-eabi/include/c++/10.3.1/arm-none-eabi/thumb/v7e-m+fp/hard/bits/gthr-default.h:229:1:int __gthread_key_delete(__gthread_key_t)	16	static
../Core/Src/RTClib.cpp:25:1:DateTime::DateTime(uint16_t, uint8_t, uint8_t, uint8_t, uint8_t, uint8_t)	16	static
../Core/Src/RTClib.cpp:54:17:uint16_t date2days(uint16_t, uint8_t, uint8_t)	24	static
../Core/Src/RTClib.cpp:71:9:uint8_t DateTime::dayOfTheWeek() const	24	static
../Core/Src/RTClib.cpp:74:1:void __static_initialization_and_destruction_0(int, int)	16	static
../Core/Src/RTClib.cpp:74:1:cpp)	8	static
../Core/Src/RTClib.cpp:74:1:cpp)	8	static
