../Core/Src/main.c:70:6:eeprom_write_byte	40	static
../Core/Src/main.c:80:6:eeprom_write_bytes	16	static
../Core/Src/main.c:89:6:eeprom_read_bytes	40	static
../Core/Src/main.c:97:6:print_status	16	static
../Core/Src/main.c:118:5:main	8	static
../Core/Src/main.c:175:6:SystemClock_Config	96	static
../Core/Src/main.c:225:13:MX_I2C1_Init	8	static
../Core/Src/main.c:273:13:MX_USART2_UART_Init	8	static
../Core/Src/main.c:308:13:MX_GPIO_Init	48	static
../Core/Src/main.c:348:6:Error_Handler	4	static,ignoring_inline_asm
