../Core/Src/gps_c/uartRingBuffer.cpp:45:6:void Ringbuf_init()	4	static
../Core/Src/gps_c/uartRingBuffer.cpp:57:6:void store_char(unsigned char, ring_buffer*)	24	static
../Core/Src/gps_c/uartRingBuffer.cpp:73:12:int check_for(char*, char*)	32	static
../Core/Src/gps_c/uartRingBuffer.cpp:106:5:int Uart_read()	16	static
../Core/Src/gps_c/uartRingBuffer.cpp:123:6:void Uart_write(int)	24	static
../Core/Src/gps_c/uartRingBuffer.cpp:140:5:int IsDataAvailable()	4	static
../Core/Src/gps_c/uartRingBuffer.cpp:148:6:void Uart_sendstring(const char*)	16	static
../Core/Src/gps_c/uartRingBuffer.cpp:153:6:void GetDataFromBuffer(char*, char*, char*, char*)	56	static
../Core/Src/gps_c/uartRingBuffer.cpp:210:6:void Uart_flush()	8	static
../Core/Src/gps_c/uartRingBuffer.cpp:217:5:int Uart_peek()	4	static
../Core/Src/gps_c/uartRingBuffer.cpp:235:5:int Copy_upto(char*, char*)	32	static
../Core/Src/gps_c/uartRingBuffer.cpp:275:5:int Get_after(char*, uint8_t, char*)	32	static
../Core/Src/gps_c/uartRingBuffer.cpp:291:5:int Wait_for(char*)	24	static
../Core/Src/gps_c/uartRingBuffer.cpp:335:6:void Uart_isr(UART_HandleTypeDef*)	32	static
