../Core/Src/main.c:125:6:adxl_write	32	static
../Core/Src/main.c:133:6:adxl_read	32	static
../Core/Src/main.c:138:6:adxl_init	8	static
../Core/Src/main.c:154:6:I2Csendcmd	32	static
../Core/Src/main.c:161:6:I2Csenddatum	32	static
../Core/Src/main.c:168:6:screen_init	8	static
../Core/Src/main.c:187:6:screen_write_string	24	static
../Core/Src/main.c:215:6:screen_write_xyz	96	static
../Core/Src/main.c:240:6:screen_write_accel_data	24	static
../Core/Src/main.c:257:5:main	8	static
../Core/Src/main.c:329:6:SystemClock_Config	96	static
../Core/Src/main.c:379:13:MX_I2C1_Init	8	static
../Core/Src/main.c:427:13:MX_USART2_UART_Init	8	static
../Core/Src/main.c:462:13:MX_GPIO_Init	48	static
../Core/Src/main.c:498:6:Error_Handler	4	static,ignoring_inline_asm
