10:15:16 **** Build of configuration Debug for project eeprom-test ****
make -j16 all 
arm-none-eabi-gcc "../Core/Src/main.c" -mcpu=cortex-m4 -std=gnu11 -g3 -DDEBUG -DUSE_HAL_DRIVER -DSTM32L452xx -c -I../Core/Inc -I../Drivers/STM32L4xx_HAL_Driver/Inc -I../Drivers/STM32L4xx_HAL_Driver/Inc/Legacy -I../Drivers/CMSIS/Device/ST/STM32L4xx/Include -I../Drivers/CMSIS/Include -O0 -ffunction-sections -fdata-sections -Wall -fstack-usage -fcyclomatic-complexity -MMD -MP -MF"Core/Src/main.d" -MT"Core/Src/main.o" --specs=nano.specs -mfpu=fpv4-sp-d16 -mfloat-abi=hard -mthumb -o "Core/Src/main.o"
arm-none-eabi-g++ -o "eeprom-test.elf" @"objects.list"   -mcpu=cortex-m4 -T"C:\Users\celin\Documents\svh_lab_projects\2_stellarium\workspace_1.11.2\eeprom-test\STM32L452RETX_FLASH.ld" --specs=nosys.specs -Wl,-Map="eeprom-test.map" -Wl,--gc-sections -static --specs=nano.specs -mfpu=fpv4-sp-d16 -mfloat-abi=hard -mthumb -Wl,--start-group -lc -lm -lstdc++ -lsupc++ -Wl,--end-group
Finished building target: eeprom-test.elf
 
arm-none-eabi-size   eeprom-test.elf 
arm-none-eabi-objdump -h -S  eeprom-test.elf  > "eeprom-test.list"
   text	   data	    bss	    dec	    hex	filename
  15552	     20	   1804	  17376	   43e0	eeprom-test.elf
Finished building: default.size.stdout
 
Finished building: eeprom-test.list
 

10:15:17 Build Finished. 0 errors, 0 warnings. (took 1s.262ms)

