13:06:58 **** Incremental Build of configuration Debug for project F411-test ****
make -j16 all 
arm-none-eabi-gcc "../Core/Src/main.c" -mcpu=cortex-m4 -std=gnu11 -g3 -DDEBUG -DUSE_HAL_DRIVER -DSTM32F411xE -c -I../Core/Inc -I../Drivers/STM32F4xx_HAL_Driver/Inc -I../Drivers/STM32F4xx_HAL_Driver/Inc/Legacy -I../Drivers/CMSIS/Device/ST/STM32F4xx/Include -I../Drivers/CMSIS/Include -I../USB_DEVICE/App -I../USB_DEVICE/Target -I../Middlewares/ST/STM32_USB_Device_Library/Core/Inc -I../Middlewares/ST/STM32_USB_Device_Library/Class/CDC/Inc -O0 -ffunction-sections -fdata-sections -Wall -fstack-usage -fcyclomatic-complexity -MMD -MP -MF"Core/Src/main.d" -MT"Core/Src/main.o" --specs=nano.specs -mfpu=fpv4-sp-d16 -mfloat-abi=hard -mthumb -o "Core/Src/main.o"
../Core/Src/main.c: In function 'display_data':
../Core/Src/main.c:96:20: warning: '% 4f' directive writing between 4 and 317 bytes into a region of size 4 [-Wformat-overflow=]
   96 |  sprintf (x_char, "% 4f", data); // needed to add -u _printf_float linker flag -- might have to change to %.4f
      |                    ^~~~
../Core/Src/main.c:96:19: note: assuming directive output of 9 bytes
   96 |  sprintf (x_char, "% 4f", data); // needed to add -u _printf_float linker flag -- might have to change to %.4f
      |                   ^~~~~~
../Core/Src/main.c:96:2: note: 'sprintf' output between 5 and 318 bytes into a destination of size 4
   96 |  sprintf (x_char, "% 4f", data); // needed to add -u _printf_float linker flag -- might have to change to %.4f
      |  ^~~~~~~~~~~~~~~~~~~~~~~~~~~~~~
arm-none-eabi-g++ -o "F411-test.elf" @"objects.list"   -mcpu=cortex-m4 -T"C:\Users\celin\Documents\svh_lab_projects\2_stellarium\workspace_1.11.2\F411-test\STM32F411CEUX_FLASH.ld" --specs=nosys.specs -Wl,-Map="F411-test.map" -Wl,--gc-sections -static -u_printf_float --specs=nano.specs -mfpu=fpv4-sp-d16 -mfloat-abi=hard -mthumb -Wl,--start-group -lc -lm -lstdc++ -lsupc++ -Wl,--end-group
Finished building target: F411-test.elf
 
arm-none-eabi-size   F411-test.elf 
arm-none-eabi-objdump -h -S  F411-test.elf  > "F411-test.list"
   text	   data	    bss	    dec	    hex	filename
  51012	    724	   8948	  60684	   ed0c	F411-test.elf
Finished building: default.size.stdout
 
Finished building: F411-test.list
 
13:07:04 **** Incremental Build of configuration Debug for project F411-test ****
make -j16 all 
arm-none-eabi-size   F411-test.elf 
   text	   data	    bss	    dec	    hex	filename
  51012	    724	   8948	  60684	   ed0c	F411-test.elf
Finished building: default.size.stdout
 
13:08:39 **** Incremental Build of configuration Debug for project F411-test ****
make -j16 all 
arm-none-eabi-gcc "../Core/Src/main.c" -mcpu=cortex-m4 -std=gnu11 -g3 -DDEBUG -DUSE_HAL_DRIVER -DSTM32F411xE -c -I../Core/Inc -I../Drivers/STM32F4xx_HAL_Driver/Inc -I../Drivers/STM32F4xx_HAL_Driver/Inc/Legacy -I../Drivers/CMSIS/Device/ST/STM32F4xx/Include -I../Drivers/CMSIS/Include -I../USB_DEVICE/App -I../USB_DEVICE/Target -I../Middlewares/ST/STM32_USB_Device_Library/Core/Inc -I../Middlewares/ST/STM32_USB_Device_Library/Class/CDC/Inc -O0 -ffunction-sections -fdata-sections -Wall -fstack-usage -fcyclomatic-complexity -MMD -MP -MF"Core/Src/main.d" -MT"Core/Src/main.o" --specs=nano.specs -mfpu=fpv4-sp-d16 -mfloat-abi=hard -mthumb -o "Core/Src/main.o"
../Core/Src/main.c: In function 'display_data':
../Core/Src/main.c:96:20: warning: '% 4f' directive writing between 4 and 317 bytes into a region of size 4 [-Wformat-overflow=]
   96 |  sprintf (x_char, "% 4f", data); // needed to add -u _printf_float linker flag -- might have to change to %.4f
      |                    ^~~~
../Core/Src/main.c:96:19: note: assuming directive output of 9 bytes
   96 |  sprintf (x_char, "% 4f", data); // needed to add -u _printf_float linker flag -- might have to change to %.4f
      |                   ^~~~~~
../Core/Src/main.c:96:2: note: 'sprintf' output between 5 and 318 bytes into a destination of size 4
   96 |  sprintf (x_char, "% 4f", data); // needed to add -u _printf_float linker flag -- might have to change to %.4f
      |  ^~~~~~~~~~~~~~~~~~~~~~~~~~~~~~
arm-none-eabi-g++ -o "F411-test.elf" @"objects.list"   -mcpu=cortex-m4 -T"C:\Users\celin\Documents\svh_lab_projects\2_stellarium\workspace_1.11.2\F411-test\STM32F411CEUX_FLASH.ld" --specs=nosys.specs -Wl,-Map="F411-test.map" -Wl,--gc-sections -static -u_printf_float --specs=nano.specs -mfpu=fpv4-sp-d16 -mfloat-abi=hard -mthumb -Wl,--start-group -lc -lm -lstdc++ -lsupc++ -Wl,--end-group
Finished building target: F411-test.elf
 
arm-none-eabi-size   F411-test.elf 
arm-none-eabi-objdump -h -S  F411-test.elf  > "F411-test.list"
   text	   data	    bss	    dec	    hex	filename
  51012	    724	   8948	  60684	   ed0c	F411-test.elf
Finished building: default.size.stdout
 
Finished building: F411-test.list
 
13:11:05 **** Incremental Build of configuration Debug for project F411-test ****
make -j16 all 
arm-none-eabi-size   F411-test.elf 
   text	   data	    bss	    dec	    hex	filename
  51012	    724	   8948	  60684	   ed0c	F411-test.elf
Finished building: default.size.stdout
 
13:24:29 **** Incremental Build of configuration Debug for project F411-test ****
make -j16 all 
arm-none-eabi-size   F411-test.elf 
   text	   data	    bss	    dec	    hex	filename
  51012	    724	   8948	  60684	   ed0c	F411-test.elf
Finished building: default.size.stdout
 
