15:45:17 **** Incremental Build of configuration Debug for project gps-module-test ****
make -j16 all 
arm-none-eabi-gcc "../Core/Src/main.c" -mcpu=cortex-m4 -std=gnu11 -g3 -DDEBUG -DUSE_HAL_DRIVER -DSTM32L452xx -c -I../Core/Inc -I../Drivers/STM32L4xx_HAL_Driver/Inc -I../Drivers/STM32L4xx_HAL_Driver/Inc/Legacy -I../Drivers/CMSIS/Device/ST/STM32L4xx/Include -I../Drivers/CMSIS/Include -O0 -ffunction-sections -fdata-sections -Wall -fstack-usage -fcyclomatic-complexity -MMD -MP -MF"Core/Src/main.d" -MT"Core/Src/main.o" --specs=nano.specs -mfpu=fpv4-sp-d16 -mfloat-abi=hard -mthumb -o "Core/Src/main.o"
arm-none-eabi-gcc -o "gps-module-test.elf" @"objects.list"   -mcpu=cortex-m4 -T"C:\Users\celin\Documents\svh_lab_projects\2_stellarium\workspace_1.11.2\gps-module-test\STM32L452RETX_FLASH.ld" --specs=nosys.specs -Wl,-Map="gps-module-test.map" -Wl,--gc-sections -static --specs=nano.specs -mfpu=fpv4-sp-d16 -mfloat-abi=hard -mthumb -Wl,--start-group -lc -lm -Wl,--end-group
Finished building target: gps-module-test.elf
 
arm-none-eabi-size   gps-module-test.elf 
arm-none-eabi-objdump -h -S  gps-module-test.elf  > "gps-module-test.list"
   text	   data	    bss	    dec	    hex	filename
  21304	    124	   2940	  24368	   5f30	gps-module-test.elf
Finished building: default.size.stdout
 
Finished building: gps-module-test.list
 

15:45:18 Build Finished. 0 errors, 0 warnings. (took 602ms)

