10:15:28 **** Build of configuration Debug for project gyro-test ****
make -j16 all 
arm-none-eabi-gcc "../Core/Src/main.c" -mcpu=cortex-m4 -std=gnu11 -g3 -DDEBUG -DUSE_HAL_DRIVER -DSTM32L452xx -c -I../Core/Inc -I../Drivers/STM32L4xx_HAL_Driver/Inc -I../Drivers/STM32L4xx_HAL_Driver/Inc/Legacy -I../Drivers/CMSIS/Device/ST/STM32L4xx/Include -I../Drivers/CMSIS/Include -O0 -ffunction-sections -fdata-sections -Wall -fstack-usage -fcyclomatic-complexity -MMD -MP -MF"Core/Src/main.d" -MT"Core/Src/main.o" --specs=nano.specs -mfpu=fpv4-sp-d16 -mfloat-abi=hard -mthumb -o "Core/Src/main.o"
arm-none-eabi-gcc -o "gyro-test.elf" @"objects.list"   -mcpu=cortex-m4 -T"C:\Users\celin\Documents\svh_lab_projects\2_stellarium\workspace_1.11.2\gyro-test\STM32L452RETX_FLASH.ld" --specs=nosys.specs -Wl,-Map="gyro-test.map" -Wl,--gc-sections -static -u _printf_float --specs=nano.specs -mfpu=fpv4-sp-d16 -mfloat-abi=hard -mthumb -Wl,--start-group -lc -lm -Wl,--end-group
Finished building target: gyro-test.elf
 
arm-none-eabi-size   gyro-test.elf 
arm-none-eabi-objdump -h -S  gyro-test.elf  > "gyro-test.list"
   text	   data	    bss	    dec	    hex	filename
  31040	    484	   1844	  33368	   8258	gyro-test.elf
Finished building: default.size.stdout
 
Finished building: gyro-test.list
 

10:15:30 Build Finished. 0 errors, 0 warnings. (took 1s.249ms)

