10:15:30 **** Build of configuration Debug for project hrz-to-equ-test ****
make -j16 all 
arm-none-eabi-gcc "../Core/Src/libnova_c/aberration.c" -mcpu=cortex-m4 -std=gnu11 -g3 -DDEBUG -DUSE_HAL_DRIVER -DSTM32L452xx -c -I../Core/Inc -I../Drivers/STM32L4xx_HAL_Driver/Inc -I../Drivers/STM32L4xx_HAL_Driver/Inc/Legacy -I../Drivers/CMSIS/Device/ST/STM32L4xx/Include -I../Drivers/CMSIS/Include -O0 -ffunction-sections -fdata-sections -Wall -fstack-usage -fcyclomatic-complexity -MMD -MP -MF"Core/Src/libnova_c/aberration.d" -MT"Core/Src/libnova_c/aberration.o" --specs=nano.specs -mfpu=fpv4-sp-d16 -mfloat-abi=hard -mthumb -o "Core/Src/libnova_c/aberration.o"
arm-none-eabi-gcc "../Core/Src/libnova_c/airmass.c" -mcpu=cortex-m4 -std=gnu11 -g3 -DDEBUG -DUSE_HAL_DRIVER -DSTM32L452xx -c -I../Core/Inc -I../Drivers/STM32L4xx_HAL_Driver/Inc -I../Drivers/STM32L4xx_HAL_Driver/Inc/Legacy -I../Drivers/CMSIS/Device/ST/STM32L4xx/Include -I../Drivers/CMSIS/Include -O0 -ffunction-sections -fdata-sections -Wall -fstack-usage -fcyclomatic-complexity -MMD -MP -MF"Core/Src/libnova_c/airmass.d" -MT"Core/Src/libnova_c/airmass.o" --specs=nano.specs -mfpu=fpv4-sp-d16 -mfloat-abi=hard -mthumb -o "Core/Src/libnova_c/airmass.o"
arm-none-eabi-gcc "../Core/Src/libnova_c/angular_separation.c" -mcpu=cortex-m4 -std=gnu11 -g3 -DDEBUG -DUSE_HAL_DRIVER -DSTM32L452xx -c -I../Core/Inc -I../Drivers/STM32L4xx_HAL_Driver/Inc -I../Drivers/STM32L4xx_HAL_Driver/Inc/Legacy -I../Drivers/CMSIS/Device/ST/STM32L4xx/Include -I../Drivers/CMSIS/Include -O0 -ffunction-sections -fdata-sections -Wall -fstack-usage -fcyclomatic-complexity -MMD -MP -MF"Core/Src/libnova_c/angular_separation.d" -MT"Core/Src/libnova_c/angular_separation.o" --specs=nano.specs -mfpu=fpv4-sp-d16 -mfloat-abi=hard -mthumb -o "Core/Src/libnova_c/angular_separation.o"
arm-none-eabi-gcc "../Core/Src/libnova_c/apparent_position.c" -mcpu=cortex-m4 -std=gnu11 -g3 -DDEBUG -DUSE_HAL_DRIVER -DSTM32L452xx -c -I../Core/Inc -I../Drivers/STM32L4xx_HAL_Driver/Inc -I../Drivers/STM32L4xx_HAL_Driver/Inc/Legacy -I../Drivers/CMSIS/Device/ST/STM32L4xx/Include -I../Drivers/CMSIS/Include -O0 -ffunction-sections -fdata-sections -Wall -fstack-usage -fcyclomatic-complexity -MMD -MP -MF"Core/Src/libnova_c/apparent_position.d" -MT"Core/Src/libnova_c/apparent_position.o" --specs=nano.specs -mfpu=fpv4-sp-d16 -mfloat-abi=hard -mthumb -o "Core/Src/libnova_c/apparent_position.o"
arm-none-eabi-gcc "../Core/Src/libnova_c/asteroid.c" -mcpu=cortex-m4 -std=gnu11 -g3 -DDEBUG -DUSE_HAL_DRIVER -DSTM32L452xx -c -I../Core/Inc -I../Drivers/STM32L4xx_HAL_Driver/Inc -I../Drivers/STM32L4xx_HAL_Driver/Inc/Legacy -I../Drivers/CMSIS/Device/ST/STM32L4xx/Include -I../Drivers/CMSIS/Include -O0 -ffunction-sections -fdata-sections -Wall -fstack-usage -fcyclomatic-complexity -MMD -MP -MF"Core/Src/libnova_c/asteroid.d" -MT"Core/Src/libnova_c/asteroid.o" --specs=nano.specs -mfpu=fpv4-sp-d16 -mfloat-abi=hard -mthumb -o "Core/Src/libnova_c/asteroid.o"
arm-none-eabi-gcc "../Core/Src/libnova_c/comet.c" -mcpu=cortex-m4 -std=gnu11 -g3 -DDEBUG -DUSE_HAL_DRIVER -DSTM32L452xx -c -I../Core/Inc -I../Drivers/STM32L4xx_HAL_Driver/Inc -I../Drivers/STM32L4xx_HAL_Driver/Inc/Legacy -I../Drivers/CMSIS/Device/ST/STM32L4xx/Include -I../Drivers/CMSIS/Include -O0 -ffunction-sections -fdata-sections -Wall -fstack-usage -fcyclomatic-complexity -MMD -MP -MF"Core/Src/libnova_c/comet.d" -MT"Core/Src/libnova_c/comet.o" --specs=nano.specs -mfpu=fpv4-sp-d16 -mfloat-abi=hard -mthumb -o "Core/Src/libnova_c/comet.o"
arm-none-eabi-gcc "../Core/Src/libnova_c/dynamical_time.c" -mcpu=cortex-m4 -std=gnu11 -g3 -DDEBUG -DUSE_HAL_DRIVER -DSTM32L452xx -c -I../Core/Inc -I../Drivers/STM32L4xx_HAL_Driver/Inc -I../Drivers/STM32L4xx_HAL_Driver/Inc/Legacy -I../Drivers/CMSIS/Device/ST/STM32L4xx/Include -I../Drivers/CMSIS/Include -O0 -ffunction-sections -fdata-sections -Wall -fstack-usage -fcyclomatic-complexity -MMD -MP -MF"Core/Src/libnova_c/dynamical_time.d" -MT"Core/Src/libnova_c/dynamical_time.o" --specs=nano.specs -mfpu=fpv4-sp-d16 -mfloat-abi=hard -mthumb -o "Core/Src/libnova_c/dynamical_time.o"
arm-none-eabi-gcc "../Core/Src/libnova_c/earth.c" -mcpu=cortex-m4 -std=gnu11 -g3 -DDEBUG -DUSE_HAL_DRIVER -DSTM32L452xx -c -I../Core/Inc -I../Drivers/STM32L4xx_HAL_Driver/Inc -I../Drivers/STM32L4xx_HAL_Driver/Inc/Legacy -I../Drivers/CMSIS/Device/ST/STM32L4xx/Include -I../Drivers/CMSIS/Include -O0 -ffunction-sections -fdata-sections -Wall -fstack-usage -fcyclomatic-complexity -MMD -MP -MF"Core/Src/libnova_c/earth.d" -MT"Core/Src/libnova_c/earth.o" --specs=nano.specs -mfpu=fpv4-sp-d16 -mfloat-abi=hard -mthumb -o "Core/Src/libnova_c/earth.o"
arm-none-eabi-gcc "../Core/Src/libnova_c/elliptic_motion.c" -mcpu=cortex-m4 -std=gnu11 -g3 -DDEBUG -DUSE_HAL_DRIVER -DSTM32L452xx -c -I../Core/Inc -I../Drivers/STM32L4xx_HAL_Driver/Inc -I../Drivers/STM32L4xx_HAL_Driver/Inc/Legacy -I../Drivers/CMSIS/Device/ST/STM32L4xx/Include -I../Drivers/CMSIS/Include -O0 -ffunction-sections -fdata-sections -Wall -fstack-usage -fcyclomatic-complexity -MMD -MP -MF"Core/Src/libnova_c/elliptic_motion.d" -MT"Core/Src/libnova_c/elliptic_motion.o" --specs=nano.specs -mfpu=fpv4-sp-d16 -mfloat-abi=hard -mthumb -o "Core/Src/libnova_c/elliptic_motion.o"
arm-none-eabi-gcc "../Core/Src/libnova_c/heliocentric_time.c" -mcpu=cortex-m4 -std=gnu11 -g3 -DDEBUG -DUSE_HAL_DRIVER -DSTM32L452xx -c -I../Core/Inc -I../Drivers/STM32L4xx_HAL_Driver/Inc -I../Drivers/STM32L4xx_HAL_Driver/Inc/Legacy -I../Drivers/CMSIS/Device/ST/STM32L4xx/Include -I../Drivers/CMSIS/Include -O0 -ffunction-sections -fdata-sections -Wall -fstack-usage -fcyclomatic-complexity -MMD -MP -MF"Core/Src/libnova_c/heliocentric_time.d" -MT"Core/Src/libnova_c/heliocentric_time.o" --specs=nano.specs -mfpu=fpv4-sp-d16 -mfloat-abi=hard -mthumb -o "Core/Src/libnova_c/heliocentric_time.o"
arm-none-eabi-gcc "../Core/Src/libnova_c/hyperbolic_motion.c" -mcpu=cortex-m4 -std=gnu11 -g3 -DDEBUG -DUSE_HAL_DRIVER -DSTM32L452xx -c -I../Core/Inc -I../Drivers/STM32L4xx_HAL_Driver/Inc -I../Drivers/STM32L4xx_HAL_Driver/Inc/Legacy -I../Drivers/CMSIS/Device/ST/STM32L4xx/Include -I../Drivers/CMSIS/Include -O0 -ffunction-sections -fdata-sections -Wall -fstack-usage -fcyclomatic-complexity -MMD -MP -MF"Core/Src/libnova_c/hyperbolic_motion.d" -MT"Core/Src/libnova_c/hyperbolic_motion.o" --specs=nano.specs -mfpu=fpv4-sp-d16 -mfloat-abi=hard -mthumb -o "Core/Src/libnova_c/hyperbolic_motion.o"
arm-none-eabi-gcc "../Core/Src/libnova_c/julian_day.c" -mcpu=cortex-m4 -std=gnu11 -g3 -DDEBUG -DUSE_HAL_DRIVER -DSTM32L452xx -c -I../Core/Inc -I../Drivers/STM32L4xx_HAL_Driver/Inc -I../Drivers/STM32L4xx_HAL_Driver/Inc/Legacy -I../Drivers/CMSIS/Device/ST/STM32L4xx/Include -I../Drivers/CMSIS/Include -O0 -ffunction-sections -fdata-sections -Wall -fstack-usage -fcyclomatic-complexity -MMD -MP -MF"Core/Src/libnova_c/julian_day.d" -MT"Core/Src/libnova_c/julian_day.o" --specs=nano.specs -mfpu=fpv4-sp-d16 -mfloat-abi=hard -mthumb -o "Core/Src/libnova_c/julian_day.o"
arm-none-eabi-gcc "../Core/Src/libnova_c/jupiter.c" -mcpu=cortex-m4 -std=gnu11 -g3 -DDEBUG -DUSE_HAL_DRIVER -DSTM32L452xx -c -I../Core/Inc -I../Drivers/STM32L4xx_HAL_Driver/Inc -I../Drivers/STM32L4xx_HAL_Driver/Inc/Legacy -I../Drivers/CMSIS/Device/ST/STM32L4xx/Include -I../Drivers/CMSIS/Include -O0 -ffunction-sections -fdata-sections -Wall -fstack-usage -fcyclomatic-complexity -MMD -MP -MF"Core/Src/libnova_c/jupiter.d" -MT"Core/Src/libnova_c/jupiter.o" --specs=nano.specs -mfpu=fpv4-sp-d16 -mfloat-abi=hard -mthumb -o "Core/Src/libnova_c/jupiter.o"
arm-none-eabi-gcc "../Core/Src/libnova_c/lunar.c" -mcpu=cortex-m4 -std=gnu11 -g3 -DDEBUG -DUSE_HAL_DRIVER -DSTM32L452xx -c -I../Core/Inc -I../Drivers/STM32L4xx_HAL_Driver/Inc -I../Drivers/STM32L4xx_HAL_Driver/Inc/Legacy -I../Drivers/CMSIS/Device/ST/STM32L4xx/Include -I../Drivers/CMSIS/Include -O0 -ffunction-sections -fdata-sections -Wall -fstack-usage -fcyclomatic-complexity -MMD -MP -MF"Core/Src/libnova_c/lunar.d" -MT"Core/Src/libnova_c/lunar.o" --specs=nano.specs -mfpu=fpv4-sp-d16 -mfloat-abi=hard -mthumb -o "Core/Src/libnova_c/lunar.o"
arm-none-eabi-gcc "../Core/Src/libnova_c/mars.c" -mcpu=cortex-m4 -std=gnu11 -g3 -DDEBUG -DUSE_HAL_DRIVER -DSTM32L452xx -c -I../Core/Inc -I../Drivers/STM32L4xx_HAL_Driver/Inc -I../Drivers/STM32L4xx_HAL_Driver/Inc/Legacy -I../Drivers/CMSIS/Device/ST/STM32L4xx/Include -I../Drivers/CMSIS/Include -O0 -ffunction-sections -fdata-sections -Wall -fstack-usage -fcyclomatic-complexity -MMD -MP -MF"Core/Src/libnova_c/mars.d" -MT"Core/Src/libnova_c/mars.o" --specs=nano.specs -mfpu=fpv4-sp-d16 -mfloat-abi=hard -mthumb -o "Core/Src/libnova_c/mars.o"
arm-none-eabi-gcc "../Core/Src/libnova_c/mercury.c" -mcpu=cortex-m4 -std=gnu11 -g3 -DDEBUG -DUSE_HAL_DRIVER -DSTM32L452xx -c -I../Core/Inc -I../Drivers/STM32L4xx_HAL_Driver/Inc -I../Drivers/STM32L4xx_HAL_Driver/Inc/Legacy -I../Drivers/CMSIS/Device/ST/STM32L4xx/Include -I../Drivers/CMSIS/Include -O0 -ffunction-sections -fdata-sections -Wall -fstack-usage -fcyclomatic-complexity -MMD -MP -MF"Core/Src/libnova_c/mercury.d" -MT"Core/Src/libnova_c/mercury.o" --specs=nano.specs -mfpu=fpv4-sp-d16 -mfloat-abi=hard -mthumb -o "Core/Src/libnova_c/mercury.o"
../Core/Src/libnova_c/dynamical_time.c: In function 'get_dynamical_diff_table':
../Core/Src/libnova_c/dynamical_time.c:124:5: warning: this 'if' clause does not guard... [-Wmisleading-indentation]
  124 |     if (i > (TERMS - 2))
      |     ^~
../Core/Src/libnova_c/dynamical_time.c:128:2: note: ...this statement, but the latter is misleadingly indented as if it were guarded by the 'if'
  128 |  a = delta_t[i+1] - delta_t[i];
      |  ^
../Core/Src/libnova_c/elliptic_motion.c: In function 'ln_get_ell_orbit_len':
../Core/Src/libnova_c/elliptic_motion.c:310:13: warning: variable 'H' set but not used [-Wunused-but-set-variable]
  310 |  double A,G,H;
      |             ^
arm-none-eabi-gcc "../Core/Src/libnova_c/misc.c" -mcpu=cortex-m4 -std=gnu11 -g3 -DDEBUG -DUSE_HAL_DRIVER -DSTM32L452xx -c -I../Core/Inc -I../Drivers/STM32L4xx_HAL_Driver/Inc -I../Drivers/STM32L4xx_HAL_Driver/Inc/Legacy -I../Drivers/CMSIS/Device/ST/STM32L4xx/Include -I../Drivers/CMSIS/Include -O0 -ffunction-sections -fdata-sections -Wall -fstack-usage -fcyclomatic-complexity -MMD -MP -MF"Core/Src/libnova_c/misc.d" -MT"Core/Src/libnova_c/misc.o" --specs=nano.specs -mfpu=fpv4-sp-d16 -mfloat-abi=hard -mthumb -o "Core/Src/libnova_c/misc.o"
../Core/Src/libnova_c/julian_day.c: In function 'ln_get_local_date':
../Core/Src/libnova_c/julian_day.c:309:2: warning: 'gmtoff' is used uninitialized in this function [-Wuninitialized]
  309 |  ln_date_to_zonedate (&date, zonedate, gmtoff);
      |  ^~~~~~~~~~~~~~~~~~~~~~~~~~~~~~~~~~~~~~~~~~~~~
arm-none-eabi-gcc "../Core/Src/libnova_c/neptune.c" -mcpu=cortex-m4 -std=gnu11 -g3 -DDEBUG -DUSE_HAL_DRIVER -DSTM32L452xx -c -I../Core/Inc -I../Drivers/STM32L4xx_HAL_Driver/Inc -I../Drivers/STM32L4xx_HAL_Driver/Inc/Legacy -I../Drivers/CMSIS/Device/ST/STM32L4xx/Include -I../Drivers/CMSIS/Include -O0 -ffunction-sections -fdata-sections -Wall -fstack-usage -fcyclomatic-complexity -MMD -MP -MF"Core/Src/libnova_c/neptune.d" -MT"Core/Src/libnova_c/neptune.o" --specs=nano.specs -mfpu=fpv4-sp-d16 -mfloat-abi=hard -mthumb -o "Core/Src/libnova_c/neptune.o"
arm-none-eabi-gcc "../Core/Src/libnova_c/nutation.c" -mcpu=cortex-m4 -std=gnu11 -g3 -DDEBUG -DUSE_HAL_DRIVER -DSTM32L452xx -c -I../Core/Inc -I../Drivers/STM32L4xx_HAL_Driver/Inc -I../Drivers/STM32L4xx_HAL_Driver/Inc/Legacy -I../Drivers/CMSIS/Device/ST/STM32L4xx/Include -I../Drivers/CMSIS/Include -O0 -ffunction-sections -fdata-sections -Wall -fstack-usage -fcyclomatic-complexity -MMD -MP -MF"Core/Src/libnova_c/nutation.d" -MT"Core/Src/libnova_c/nutation.o" --specs=nano.specs -mfpu=fpv4-sp-d16 -mfloat-abi=hard -mthumb -o "Core/Src/libnova_c/nutation.o"
arm-none-eabi-gcc "../Core/Src/libnova_c/parabolic_motion.c" -mcpu=cortex-m4 -std=gnu11 -g3 -DDEBUG -DUSE_HAL_DRIVER -DSTM32L452xx -c -I../Core/Inc -I../Drivers/STM32L4xx_HAL_Driver/Inc -I../Drivers/STM32L4xx_HAL_Driver/Inc/Legacy -I../Drivers/CMSIS/Device/ST/STM32L4xx/Include -I../Drivers/CMSIS/Include -O0 -ffunction-sections -fdata-sections -Wall -fstack-usage -fcyclomatic-complexity -MMD -MP -MF"Core/Src/libnova_c/parabolic_motion.d" -MT"Core/Src/libnova_c/parabolic_motion.o" --specs=nano.specs -mfpu=fpv4-sp-d16 -mfloat-abi=hard -mthumb -o "Core/Src/libnova_c/parabolic_motion.o"
arm-none-eabi-gcc "../Core/Src/libnova_c/parallax.c" -mcpu=cortex-m4 -std=gnu11 -g3 -DDEBUG -DUSE_HAL_DRIVER -DSTM32L452xx -c -I../Core/Inc -I../Drivers/STM32L4xx_HAL_Driver/Inc -I../Drivers/STM32L4xx_HAL_Driver/Inc/Legacy -I../Drivers/CMSIS/Device/ST/STM32L4xx/Include -I../Drivers/CMSIS/Include -O0 -ffunction-sections -fdata-sections -Wall -fstack-usage -fcyclomatic-complexity -MMD -MP -MF"Core/Src/libnova_c/parallax.d" -MT"Core/Src/libnova_c/parallax.o" --specs=nano.specs -mfpu=fpv4-sp-d16 -mfloat-abi=hard -mthumb -o "Core/Src/libnova_c/parallax.o"
arm-none-eabi-gcc "../Core/Src/libnova_c/pluto.c" -mcpu=cortex-m4 -std=gnu11 -g3 -DDEBUG -DUSE_HAL_DRIVER -DSTM32L452xx -c -I../Core/Inc -I../Drivers/STM32L4xx_HAL_Driver/Inc -I../Drivers/STM32L4xx_HAL_Driver/Inc/Legacy -I../Drivers/CMSIS/Device/ST/STM32L4xx/Include -I../Drivers/CMSIS/Include -O0 -ffunction-sections -fdata-sections -Wall -fstack-usage -fcyclomatic-complexity -MMD -MP -MF"Core/Src/libnova_c/pluto.d" -MT"Core/Src/libnova_c/pluto.o" --specs=nano.specs -mfpu=fpv4-sp-d16 -mfloat-abi=hard -mthumb -o "Core/Src/libnova_c/pluto.o"
arm-none-eabi-gcc "../Core/Src/libnova_c/precession.c" -mcpu=cortex-m4 -std=gnu11 -g3 -DDEBUG -DUSE_HAL_DRIVER -DSTM32L452xx -c -I../Core/Inc -I../Drivers/STM32L4xx_HAL_Driver/Inc -I../Drivers/STM32L4xx_HAL_Driver/Inc/Legacy -I../Drivers/CMSIS/Device/ST/STM32L4xx/Include -I../Drivers/CMSIS/Include -O0 -ffunction-sections -fdata-sections -Wall -fstack-usage -fcyclomatic-complexity -MMD -MP -MF"Core/Src/libnova_c/precession.d" -MT"Core/Src/libnova_c/precession.o" --specs=nano.specs -mfpu=fpv4-sp-d16 -mfloat-abi=hard -mthumb -o "Core/Src/libnova_c/precession.o"
arm-none-eabi-gcc "../Core/Src/libnova_c/proper_motion.c" -mcpu=cortex-m4 -std=gnu11 -g3 -DDEBUG -DUSE_HAL_DRIVER -DSTM32L452xx -c -I../Core/Inc -I../Drivers/STM32L4xx_HAL_Driver/Inc -I../Drivers/STM32L4xx_HAL_Driver/Inc/Legacy -I../Drivers/CMSIS/Device/ST/STM32L4xx/Include -I../Drivers/CMSIS/Include -O0 -ffunction-sections -fdata-sections -Wall -fstack-usage -fcyclomatic-complexity -MMD -MP -MF"Core/Src/libnova_c/proper_motion.d" -MT"Core/Src/libnova_c/proper_motion.o" --specs=nano.specs -mfpu=fpv4-sp-d16 -mfloat-abi=hard -mthumb -o "Core/Src/libnova_c/proper_motion.o"
arm-none-eabi-gcc "../Core/Src/libnova_c/refraction.c" -mcpu=cortex-m4 -std=gnu11 -g3 -DDEBUG -DUSE_HAL_DRIVER -DSTM32L452xx -c -I../Core/Inc -I../Drivers/STM32L4xx_HAL_Driver/Inc -I../Drivers/STM32L4xx_HAL_Driver/Inc/Legacy -I../Drivers/CMSIS/Device/ST/STM32L4xx/Include -I../Drivers/CMSIS/Include -O0 -ffunction-sections -fdata-sections -Wall -fstack-usage -fcyclomatic-complexity -MMD -MP -MF"Core/Src/libnova_c/refraction.d" -MT"Core/Src/libnova_c/refraction.o" --specs=nano.specs -mfpu=fpv4-sp-d16 -mfloat-abi=hard -mthumb -o "Core/Src/libnova_c/refraction.o"
arm-none-eabi-gcc "../Core/Src/libnova_c/rise_set.c" -mcpu=cortex-m4 -std=gnu11 -g3 -DDEBUG -DUSE_HAL_DRIVER -DSTM32L452xx -c -I../Core/Inc -I../Drivers/STM32L4xx_HAL_Driver/Inc -I../Drivers/STM32L4xx_HAL_Driver/Inc/Legacy -I../Drivers/CMSIS/Device/ST/STM32L4xx/Include -I../Drivers/CMSIS/Include -O0 -ffunction-sections -fdata-sections -Wall -fstack-usage -fcyclomatic-complexity -MMD -MP -MF"Core/Src/libnova_c/rise_set.d" -MT"Core/Src/libnova_c/rise_set.o" --specs=nano.specs -mfpu=fpv4-sp-d16 -mfloat-abi=hard -mthumb -o "Core/Src/libnova_c/rise_set.o"
arm-none-eabi-gcc "../Core/Src/libnova_c/saturn.c" -mcpu=cortex-m4 -std=gnu11 -g3 -DDEBUG -DUSE_HAL_DRIVER -DSTM32L452xx -c -I../Core/Inc -I../Drivers/STM32L4xx_HAL_Driver/Inc -I../Drivers/STM32L4xx_HAL_Driver/Inc/Legacy -I../Drivers/CMSIS/Device/ST/STM32L4xx/Include -I../Drivers/CMSIS/Include -O0 -ffunction-sections -fdata-sections -Wall -fstack-usage -fcyclomatic-complexity -MMD -MP -MF"Core/Src/libnova_c/saturn.d" -MT"Core/Src/libnova_c/saturn.o" --specs=nano.specs -mfpu=fpv4-sp-d16 -mfloat-abi=hard -mthumb -o "Core/Src/libnova_c/saturn.o"
arm-none-eabi-gcc "../Core/Src/libnova_c/sidereal_time.c" -mcpu=cortex-m4 -std=gnu11 -g3 -DDEBUG -DUSE_HAL_DRIVER -DSTM32L452xx -c -I../Core/Inc -I../Drivers/STM32L4xx_HAL_Driver/Inc -I../Drivers/STM32L4xx_HAL_Driver/Inc/Legacy -I../Drivers/CMSIS/Device/ST/STM32L4xx/Include -I../Drivers/CMSIS/Include -O0 -ffunction-sections -fdata-sections -Wall -fstack-usage -fcyclomatic-complexity -MMD -MP -MF"Core/Src/libnova_c/sidereal_time.d" -MT"Core/Src/libnova_c/sidereal_time.o" --specs=nano.specs -mfpu=fpv4-sp-d16 -mfloat-abi=hard -mthumb -o "Core/Src/libnova_c/sidereal_time.o"
arm-none-eabi-gcc "../Core/Src/libnova_c/solar.c" -mcpu=cortex-m4 -std=gnu11 -g3 -DDEBUG -DUSE_HAL_DRIVER -DSTM32L452xx -c -I../Core/Inc -I../Drivers/STM32L4xx_HAL_Driver/Inc -I../Drivers/STM32L4xx_HAL_Driver/Inc/Legacy -I../Drivers/CMSIS/Device/ST/STM32L4xx/Include -I../Drivers/CMSIS/Include -O0 -ffunction-sections -fdata-sections -Wall -fstack-usage -fcyclomatic-complexity -MMD -MP -MF"Core/Src/libnova_c/solar.d" -MT"Core/Src/libnova_c/solar.o" --specs=nano.specs -mfpu=fpv4-sp-d16 -mfloat-abi=hard -mthumb -o "Core/Src/libnova_c/solar.o"
../Core/Src/libnova_c/rise_set.c: In function 'ln_get_motion_body_rst_horizon':
../Core/Src/libnova_c/rise_set.c:527:14: warning: variable 'dmr' set but not used [-Wunused-but-set-variable]
  527 |  double dmt, dmr, dms;
      |              ^~~
arm-none-eabi-gcc "../Core/Src/libnova_c/transform.c" -mcpu=cortex-m4 -std=gnu11 -g3 -DDEBUG -DUSE_HAL_DRIVER -DSTM32L452xx -c -I../Core/Inc -I../Drivers/STM32L4xx_HAL_Driver/Inc -I../Drivers/STM32L4xx_HAL_Driver/Inc/Legacy -I../Drivers/CMSIS/Device/ST/STM32L4xx/Include -I../Drivers/CMSIS/Include -O0 -ffunction-sections -fdata-sections -Wall -fstack-usage -fcyclomatic-complexity -MMD -MP -MF"Core/Src/libnova_c/transform.d" -MT"Core/Src/libnova_c/transform.o" --specs=nano.specs -mfpu=fpv4-sp-d16 -mfloat-abi=hard -mthumb -o "Core/Src/libnova_c/transform.o"
../Core/Src/libnova_c/neptune.c: In function 'ln_get_neptune_helio_coords':
../Core/Src/libnova_c/neptune.c:2186:24: warning: variable 't5' set but not used [-Wunused-but-set-variable]
 2186 |  double t, t2, t3, t4, t5;
      |                        ^~
arm-none-eabi-gcc "../Core/Src/libnova_c/uranus.c" -mcpu=cortex-m4 -std=gnu11 -g3 -DDEBUG -DUSE_HAL_DRIVER -DSTM32L452xx -c -I../Core/Inc -I../Drivers/STM32L4xx_HAL_Driver/Inc -I../Drivers/STM32L4xx_HAL_Driver/Inc/Legacy -I../Drivers/CMSIS/Device/ST/STM32L4xx/Include -I../Drivers/CMSIS/Include -O0 -ffunction-sections -fdata-sections -Wall -fstack-usage -fcyclomatic-complexity -MMD -MP -MF"Core/Src/libnova_c/uranus.d" -MT"Core/Src/libnova_c/uranus.o" --specs=nano.specs -mfpu=fpv4-sp-d16 -mfloat-abi=hard -mthumb -o "Core/Src/libnova_c/uranus.o"
arm-none-eabi-gcc "../Core/Src/libnova_c/utility.c" -mcpu=cortex-m4 -std=gnu11 -g3 -DDEBUG -DUSE_HAL_DRIVER -DSTM32L452xx -c -I../Core/Inc -I../Drivers/STM32L4xx_HAL_Driver/Inc -I../Drivers/STM32L4xx_HAL_Driver/Inc/Legacy -I../Drivers/CMSIS/Device/ST/STM32L4xx/Include -I../Drivers/CMSIS/Include -O0 -ffunction-sections -fdata-sections -Wall -fstack-usage -fcyclomatic-complexity -MMD -MP -MF"Core/Src/libnova_c/utility.d" -MT"Core/Src/libnova_c/utility.o" --specs=nano.specs -mfpu=fpv4-sp-d16 -mfloat-abi=hard -mthumb -o "Core/Src/libnova_c/utility.o"
arm-none-eabi-gcc "../Core/Src/libnova_c/venus.c" -mcpu=cortex-m4 -std=gnu11 -g3 -DDEBUG -DUSE_HAL_DRIVER -DSTM32L452xx -c -I../Core/Inc -I../Drivers/STM32L4xx_HAL_Driver/Inc -I../Drivers/STM32L4xx_HAL_Driver/Inc/Legacy -I../Drivers/CMSIS/Device/ST/STM32L4xx/Include -I../Drivers/CMSIS/Include -O0 -ffunction-sections -fdata-sections -Wall -fstack-usage -fcyclomatic-complexity -MMD -MP -MF"Core/Src/libnova_c/venus.d" -MT"Core/Src/libnova_c/venus.o" --specs=nano.specs -mfpu=fpv4-sp-d16 -mfloat-abi=hard -mthumb -o "Core/Src/libnova_c/venus.o"
arm-none-eabi-gcc "../Core/Src/libnova_c/vsop87.c" -mcpu=cortex-m4 -std=gnu11 -g3 -DDEBUG -DUSE_HAL_DRIVER -DSTM32L452xx -c -I../Core/Inc -I../Drivers/STM32L4xx_HAL_Driver/Inc -I../Drivers/STM32L4xx_HAL_Driver/Inc/Legacy -I../Drivers/CMSIS/Device/ST/STM32L4xx/Include -I../Drivers/CMSIS/Include -O0 -ffunction-sections -fdata-sections -Wall -fstack-usage -fcyclomatic-complexity -MMD -MP -MF"Core/Src/libnova_c/vsop87.d" -MT"Core/Src/libnova_c/vsop87.o" --specs=nano.specs -mfpu=fpv4-sp-d16 -mfloat-abi=hard -mthumb -o "Core/Src/libnova_c/vsop87.o"
arm-none-eabi-gcc "../Core/Src/main.c" -mcpu=cortex-m4 -std=gnu11 -g3 -DDEBUG -DUSE_HAL_DRIVER -DSTM32L452xx -c -I../Core/Inc -I../Drivers/STM32L4xx_HAL_Driver/Inc -I../Drivers/STM32L4xx_HAL_Driver/Inc/Legacy -I../Drivers/CMSIS/Device/ST/STM32L4xx/Include -I../Drivers/CMSIS/Include -O0 -ffunction-sections -fdata-sections -Wall -fstack-usage -fcyclomatic-complexity -MMD -MP -MF"Core/Src/main.d" -MT"Core/Src/main.o" --specs=nano.specs -mfpu=fpv4-sp-d16 -mfloat-abi=hard -mthumb -o "Core/Src/main.o"
arm-none-eabi-gcc "../Core/Src/stm32l4xx_hal_msp.c" -mcpu=cortex-m4 -std=gnu11 -g3 -DDEBUG -DUSE_HAL_DRIVER -DSTM32L452xx -c -I../Core/Inc -I../Drivers/STM32L4xx_HAL_Driver/Inc -I../Drivers/STM32L4xx_HAL_Driver/Inc/Legacy -I../Drivers/CMSIS/Device/ST/STM32L4xx/Include -I../Drivers/CMSIS/Include -O0 -ffunction-sections -fdata-sections -Wall -fstack-usage -fcyclomatic-complexity -MMD -MP -MF"Core/Src/stm32l4xx_hal_msp.d" -MT"Core/Src/stm32l4xx_hal_msp.o" --specs=nano.specs -mfpu=fpv4-sp-d16 -mfloat-abi=hard -mthumb -o "Core/Src/stm32l4xx_hal_msp.o"
arm-none-eabi-gcc "../Core/Src/stm32l4xx_it.c" -mcpu=cortex-m4 -std=gnu11 -g3 -DDEBUG -DUSE_HAL_DRIVER -DSTM32L452xx -c -I../Core/Inc -I../Drivers/STM32L4xx_HAL_Driver/Inc -I../Drivers/STM32L4xx_HAL_Driver/Inc/Legacy -I../Drivers/CMSIS/Device/ST/STM32L4xx/Include -I../Drivers/CMSIS/Include -O0 -ffunction-sections -fdata-sections -Wall -fstack-usage -fcyclomatic-complexity -MMD -MP -MF"Core/Src/stm32l4xx_it.d" -MT"Core/Src/stm32l4xx_it.o" --specs=nano.specs -mfpu=fpv4-sp-d16 -mfloat-abi=hard -mthumb -o "Core/Src/stm32l4xx_it.o"
arm-none-eabi-gcc "../Core/Src/syscalls.c" -mcpu=cortex-m4 -std=gnu11 -g3 -DDEBUG -DUSE_HAL_DRIVER -DSTM32L452xx -c -I../Core/Inc -I../Drivers/STM32L4xx_HAL_Driver/Inc -I../Drivers/STM32L4xx_HAL_Driver/Inc/Legacy -I../Drivers/CMSIS/Device/ST/STM32L4xx/Include -I../Drivers/CMSIS/Include -O0 -ffunction-sections -fdata-sections -Wall -fstack-usage -fcyclomatic-complexity -MMD -MP -MF"Core/Src/syscalls.d" -MT"Core/Src/syscalls.o" --specs=nano.specs -mfpu=fpv4-sp-d16 -mfloat-abi=hard -mthumb -o "Core/Src/syscalls.o"
In file included from ../Core/Src/libnova_c/misc.c:45:
../Core/Src/libnova_c/misc.c: In function 'trim':
../Core/Src/libnova_c/misc.c:78:30: warning: array subscript has type 'char' [-Wchar-subscripts]
   78 |     while (y >= x && isspace(*y))
      |                              ^~
../Core/Src/libnova_c/misc.c: In function 'skipwhite':
../Core/Src/libnova_c/misc.c:91:10: warning: implicit declaration of function 'iswhite'; did you mean 'skipwhite'? [-Wimplicit-function-declaration]
   91 |    while(iswhite(**s))
      |          ^~~~~~~
      |          skipwhite
arm-none-eabi-gcc "../Core/Src/sysmem.c" -mcpu=cortex-m4 -std=gnu11 -g3 -DDEBUG -DUSE_HAL_DRIVER -DSTM32L452xx -c -I../Core/Inc -I../Drivers/STM32L4xx_HAL_Driver/Inc -I../Drivers/STM32L4xx_HAL_Driver/Inc/Legacy -I../Drivers/CMSIS/Device/ST/STM32L4xx/Include -I../Drivers/CMSIS/Include -O0 -ffunction-sections -fdata-sections -Wall -fstack-usage -fcyclomatic-complexity -MMD -MP -MF"Core/Src/sysmem.d" -MT"Core/Src/sysmem.o" --specs=nano.specs -mfpu=fpv4-sp-d16 -mfloat-abi=hard -mthumb -o "Core/Src/sysmem.o"
arm-none-eabi-gcc "../Core/Src/system_stm32l4xx.c" -mcpu=cortex-m4 -std=gnu11 -g3 -DDEBUG -DUSE_HAL_DRIVER -DSTM32L452xx -c -I../Core/Inc -I../Drivers/STM32L4xx_HAL_Driver/Inc -I../Drivers/STM32L4xx_HAL_Driver/Inc/Legacy -I../Drivers/CMSIS/Device/ST/STM32L4xx/Include -I../Drivers/CMSIS/Include -O0 -ffunction-sections -fdata-sections -Wall -fstack-usage -fcyclomatic-complexity -MMD -MP -MF"Core/Src/system_stm32l4xx.d" -MT"Core/Src/system_stm32l4xx.o" --specs=nano.specs -mfpu=fpv4-sp-d16 -mfloat-abi=hard -mthumb -o "Core/Src/system_stm32l4xx.o"
../Core/Src/libnova_c/utility.c: In function 'ln_range_degrees':
../Core/Src/libnova_c/utility.c:238:5: warning: this 'if' clause does not guard... [-Wmisleading-indentation]
  238 |     if (angle >= 0.0 && angle < 360.0)
      |     ^~
../Core/Src/libnova_c/utility.c:241:2: note: ...this statement, but the latter is misleadingly indented as if it were guarded by the 'if'
  241 |  temp = (int)(angle / 360);
      |  ^~~~
../Core/Src/libnova_c/utility.c: In function 'ln_range_radians':
../Core/Src/libnova_c/utility.c:253:5: warning: this 'if' clause does not guard... [-Wmisleading-indentation]
  253 |     if (angle >= 0.0 && angle < (2.0 * M_PI))
      |     ^~
../Core/Src/libnova_c/utility.c:256:2: note: ...this statement, but the latter is misleadingly indented as if it were guarded by the 'if'
  256 |  temp = (int)(angle / (M_PI * 2.0));
      |  ^~~~
../Core/Src/libnova_c/utility.c: In function 'ln_range_radians2':
../Core/Src/libnova_c/utility.c:270:5: warning: this 'if' clause does not guard... [-Wmisleading-indentation]
  270 |     if (angle > (-2.0 * M_PI) && angle < (2.0 * M_PI))
      |     ^~
../Core/Src/libnova_c/utility.c:273:2: note: ...this statement, but the latter is misleadingly indented as if it were guarded by the 'if'
  273 |  temp = (int)(angle / (M_PI * 2.0));
      |  ^~~~
In file included from ../Core/Src/libnova_c/utility.c:44:
../Core/Src/libnova_c/utility.c: In function 'trim':
../Core/Src/libnova_c/utility.c:456:30: warning: array subscript has type 'char' [-Wchar-subscripts]
  456 |     while (y >= x && isspace(*y))
      |                              ^~
../Core/Src/libnova_c/uranus.c: In function 'ln_get_uranus_helio_coords':
../Core/Src/libnova_c/uranus.c:5435:24: warning: variable 't5' set but not used [-Wunused-but-set-variable]
 5435 |  double t, t2, t3, t4, t5;
      |                        ^~
../Core/Src/main.c: In function 'main':
../Core/Src/main.c:103:31: warning: unused variable 'hequ' [-Wunused-variable]
  103 |  struct lnh_equ_posn hobject, hequ;
      |                               ^~~~
../Core/Src/libnova_c/lunar.c:190:21: warning: 'peri' defined but not used [-Wunused-const-variable=]
  190 | static const double peri[5] =
      |                     ^~~~
../Core/Src/libnova_c/lunar.c:181:21: warning: 'earth' defined but not used [-Wunused-const-variable=]
  181 | static const double earth[5] =
      |                     ^~~~~
../Core/Src/libnova_c/lunar.c:172:21: warning: 'W3' defined but not used [-Wunused-const-variable=]
  172 | static const double W3[5] =
      |                     ^~
../Core/Src/libnova_c/lunar.c:163:21: warning: 'W2' defined but not used [-Wunused-const-variable=]
  163 | static const double W2[5] =
      |                     ^~
arm-none-eabi-gcc -o "hrz-to-equ-test.elf" @"objects.list"   -mcpu=cortex-m4 -T"C:\Users\celin\Documents\svh_lab_projects\2_stellarium\workspace_1.11.2\hrz-to-equ-test\STM32L452RETX_FLASH.ld" --specs=nosys.specs -Wl,-Map="hrz-to-equ-test.map" -Wl,--gc-sections -static -u _printf_float --specs=nano.specs -mfpu=fpv4-sp-d16 -mfloat-abi=hard -mthumb -Wl,--start-group -lc -lm -Wl,--end-group
Finished building target: hrz-to-equ-test.elf
 
arm-none-eabi-size   hrz-to-equ-test.elf 
arm-none-eabi-objdump -h -S  hrz-to-equ-test.elf  > "hrz-to-equ-test.list"
   text	   data	    bss	    dec	    hex	filename
  49744	    484	   1760	  51988	   cb14	hrz-to-equ-test.elf
Finished building: default.size.stdout
 
Finished building: hrz-to-equ-test.list
 

10:15:32 Build Finished. 0 errors, 17 warnings. (took 2s.653ms)

