13:30:35 **** Incremental Build of configuration Debug for project rtc-test ****
make -j16 all 
arm-none-eabi-g++ "../Core/Src/main.cpp" -mcpu=cortex-m4 -std=gnu++14 -g3 -DDEBUG -DUSE_HAL_DRIVER -DSTM32L452xx -c -I../Core/Inc -I../Drivers/STM32L4xx_HAL_Driver/Inc -I../Drivers/STM32L4xx_HAL_Driver/Inc/Legacy -I../Drivers/CMSIS/Device/ST/STM32L4xx/Include -I../Drivers/CMSIS/Include -O0 -ffunction-sections -fdata-sections -fno-exceptions -fno-rtti -fno-use-cxa-atexit -Wall -fstack-usage -fcyclomatic-complexity -MMD -MP -MF"Core/Src/main.d" -MT"Core/Src/main.o" --specs=nano.specs -mfpu=fpv4-sp-d16 -mfloat-abi=hard -mthumb -o "Core/Src/main.o"
arm-none-eabi-g++ -o "rtc-test.elf" @"objects.list"   -mcpu=cortex-m4 -T"C:\Users\celin\Documents\svh_lab_projects\2_stellarium\workspace_1.11.2\rtc-test\STM32L452RETX_FLASH.ld" --specs=nosys.specs -Wl,-Map="rtc-test.map" -Wl,--gc-sections -static --specs=nano.specs -mfpu=fpv4-sp-d16 -mfloat-abi=hard -mthumb -Wl,--start-group -lc -lm -lstdc++ -lsupc++ -Wl,--end-group
Finished building target: rtc-test.elf
 
arm-none-eabi-size   rtc-test.elf 
arm-none-eabi-objdump -h -S  rtc-test.elf  > "rtc-test.list"
   text	   data	    bss	    dec	    hex	filename
  14876	     20	   1796	  16692	   4134	rtc-test.elf
Finished building: default.size.stdout
 
Finished building: rtc-test.list
 

13:30:36 Build Finished. 0 errors, 0 warnings. (took 644ms)

